// Jest Snapshot v1, https://goo.gl/fbAQLP

exports[`HomeView Renders 1`] = `
<div>
  <div
    class="layout"
  >
    <main
      class="layout__main"
    >
      <h1>
        Page Heading
      </h1>
      <h2>
        Section Heading
      </h2>
      <h3>
        Panel Heading
      </h3>
      <p>
        Lorem ipsum dolor, sit amet consectetur adipisicing elit. Non error dolor in nostrum minima odio a fuga saepe soluta adipisci perspiciatis maxime tempora, temporibus beatae voluptas repellat rerum. Dignissimos, necessitatibus.
      </p>
      <button
        class="button"
        type="button"
      >
        Log to console
      </button>
    </main>
  </div>
</div>
`;
